2025-09-24 23:12:48,083 - INFO - Created run directory: runs/20250924_231248
2025-09-24 23:12:48,083 - INFO - Parameters saved to: runs/20250924_231248/logs/param.json
2025-09-24 23:12:48,083 - INFO - Running in train mode with parameters: {'mode': 'train', 'model_type': 'actor_critic_v2', 'debug': False, 'epochs': 350, 'steps': 10000, 'model_path': None, 'actor_model_path': None, 'critic_model_path': None, 'continue_train_epochs': 100, 'continue_train_steps': 4000, 'continue_train_min_memory_count_to_start_training': 0, 'continue_train_memory_size': 3000, 'test_epochs': 5, 'lr': 0.005, 'value_lr': 0.01, 'max_steps_per_batch': 15000, 'epsilon': 0.99, 'gamma': 0.95, 'lambda_gae': 0.95, 'jump_duration': 0.5, 'train_rounds': 1, 'epsilon_increase': 0.01, 'net_replace_memory_gap': 200, 'memory_size': 1000, 'batch_size': 32, 'min_memory_count_to_start_training': 50, 'state_grid_rows': 1, 'state_grid_cols': 12, 'state_binary_threshold': 0.05, 'is_done_threshold': 0.5, 'game_url': 'http://localhost:8000/', 'number_of_actions': 2, 'image_wait_time': 0.0, 'ppo_eps_clip': 0.2, 'ppo_value_coef': 0.5, 'ppo_entropy_coef': 0.01, 'ppo_max_grad_norm': 0.5, 'window_width': 600, 'window_height': 300, 'window_position': 'center', 'frameless': True, 'ending_i': 90, 'ending_j': 280, 'ending_height': 35, 'ending_width': 40, 'track_i': 100, 'track_j': 70, 'track_height': 45, 'track_width': 300}
2025-09-24 23:12:49,134 - INFO - Using device: cuda
2025-09-24 23:12:49,905 - INFO - Training round 0 start.
2025-09-24 23:12:49,905 - INFO - Starting Actor-Critic v2 training with 350 epochs, 10000 steps per episode
2025-09-24 23:12:49,906 - INFO - Using trajectory-based memory with GAE, min trajectories: 50
2025-09-24 23:12:56,706 - INFO - Episode 1 completed! Steps: 7, Duration: 6.80s, Total Reward: -10.00
2025-09-24 23:12:56,707 - INFO - Not enough trajectories for training: 1/50
2025-09-24 23:13:04,027 - INFO - Episode 2 completed! Steps: 7, Duration: 6.32s, Total Reward: -10.00
2025-09-24 23:13:04,028 - INFO - Not enough trajectories for training: 2/50
2025-09-24 23:13:11,434 - INFO - Episode 3 completed! Steps: 8, Duration: 6.41s, Total Reward: -10.00
2025-09-24 23:13:11,434 - INFO - Not enough trajectories for training: 3/50
2025-09-24 23:13:18,218 - INFO - Episode 4 completed! Steps: 6, Duration: 5.78s, Total Reward: -10.00
2025-09-24 23:13:18,218 - INFO - Not enough trajectories for training: 4/50
2025-09-24 23:13:27,311 - INFO - Episode 5 completed! Steps: 8, Duration: 6.51s, Total Reward: -10.00
2025-09-24 23:13:27,312 - INFO - Not enough trajectories for training: 5/50
2025-09-24 23:13:34,363 - INFO - Episode 6 completed! Steps: 4, Duration: 6.05s, Total Reward: -10.00
2025-09-24 23:13:34,364 - INFO - Not enough trajectories for training: 6/50
2025-09-24 23:13:40,083 - INFO - Episode 7 completed! Steps: 1, Duration: 4.72s, Total Reward: -10.00
2025-09-24 23:13:40,083 - INFO - Not enough trajectories for training: 7/50
2025-09-24 23:13:47,355 - INFO - Episode 8 completed! Steps: 6, Duration: 6.27s, Total Reward: -10.00
2025-09-24 23:13:47,355 - INFO - Not enough trajectories for training: 8/50
2025-09-24 23:13:54,653 - INFO - Episode 9 completed! Steps: 1, Duration: 6.30s, Total Reward: -10.00
2025-09-24 23:13:54,653 - INFO - Not enough trajectories for training: 9/50
2025-09-24 23:14:01,328 - INFO - Episode 10 completed! Steps: 5, Duration: 5.67s, Total Reward: -10.00
2025-09-24 23:14:01,329 - INFO - Not enough trajectories for training: 10/50
2025-09-24 23:14:08,733 - INFO - Episode 11 completed! Steps: 7, Duration: 6.40s, Total Reward: -10.00
2025-09-24 23:14:08,733 - INFO - Not enough trajectories for training: 11/50
2025-09-24 23:14:17,951 - INFO - Episode 12 completed! Steps: 10, Duration: 8.22s, Total Reward: -10.00
2025-09-24 23:14:17,951 - INFO - Not enough trajectories for training: 12/50
2025-09-24 23:14:23,688 - INFO - Episode 13 completed! Steps: 1, Duration: 4.74s, Total Reward: -10.00
2025-09-24 23:14:23,688 - INFO - Not enough trajectories for training: 13/50
2025-09-24 23:14:31,006 - INFO - Episode 14 completed! Steps: 1, Duration: 6.32s, Total Reward: -10.00
2025-09-24 23:14:31,006 - INFO - Not enough trajectories for training: 14/50
2025-09-24 23:14:38,742 - INFO - Episode 15 completed! Steps: 10, Duration: 6.74s, Total Reward: -10.00
2025-09-24 23:14:38,742 - INFO - Not enough trajectories for training: 15/50
2025-09-24 23:14:45,446 - INFO - Episode 16 completed! Steps: 5, Duration: 5.70s, Total Reward: -10.00
2025-09-24 23:14:45,447 - INFO - Not enough trajectories for training: 16/50
2025-09-24 23:14:54,751 - INFO - Episode 17 completed! Steps: 14, Duration: 8.30s, Total Reward: -10.00
2025-09-24 23:14:54,752 - INFO - Not enough trajectories for training: 17/50
2025-09-24 23:15:02,893 - INFO - Episode 18 completed! Steps: 4, Duration: 7.14s, Total Reward: -10.00
2025-09-24 23:15:02,893 - INFO - Not enough trajectories for training: 18/50
2025-09-24 23:15:09,780 - INFO - Episode 19 completed! Steps: 7, Duration: 5.89s, Total Reward: -10.00
2025-09-24 23:15:09,780 - INFO - Not enough trajectories for training: 19/50
2025-09-24 23:15:15,519 - INFO - Episode 20 completed! Steps: 1, Duration: 4.74s, Total Reward: -10.00
2025-09-24 23:15:15,519 - INFO - Not enough trajectories for training: 20/50
2025-09-24 23:15:21,238 - INFO - Episode 21 completed! Steps: 1, Duration: 4.72s, Total Reward: -10.00
2025-09-24 23:15:21,238 - INFO - Not enough trajectories for training: 21/50
2025-09-24 23:15:27,791 - INFO - Episode 22 completed! Steps: 4, Duration: 5.55s, Total Reward: -10.00
2025-09-24 23:15:27,791 - INFO - Not enough trajectories for training: 22/50
2025-09-24 23:15:33,513 - INFO - Episode 23 completed! Steps: 1, Duration: 4.72s, Total Reward: -10.00
2025-09-24 23:15:33,513 - INFO - Not enough trajectories for training: 23/50
2025-09-24 23:15:40,821 - INFO - Episode 24 completed! Steps: 6, Duration: 4.69s, Total Reward: -10.00
2025-09-24 23:15:40,821 - INFO - Not enough trajectories for training: 24/50
2025-09-24 23:15:46,537 - INFO - Episode 25 completed! Steps: 1, Duration: 4.72s, Total Reward: -10.00
2025-09-24 23:15:46,537 - INFO - Not enough trajectories for training: 25/50
2025-09-24 23:15:52,273 - INFO - Episode 26 completed! Steps: 1, Duration: 4.74s, Total Reward: -10.00
2025-09-24 23:15:52,273 - INFO - Not enough trajectories for training: 26/50
2025-09-24 23:15:59,664 - INFO - Episode 27 completed! Steps: 7, Duration: 6.39s, Total Reward: -10.00
2025-09-24 23:15:59,664 - INFO - Not enough trajectories for training: 27/50
2025-09-24 23:16:05,400 - INFO - Episode 28 completed! Steps: 1, Duration: 4.74s, Total Reward: -10.00
2025-09-24 23:16:05,401 - INFO - Not enough trajectories for training: 28/50
2025-09-24 23:16:14,621 - INFO - Episode 29 completed! Steps: 9, Duration: 8.22s, Total Reward: -10.00
2025-09-24 23:16:14,621 - INFO - Not enough trajectories for training: 29/50
2025-09-24 23:16:21,465 - INFO - Episode 30 completed! Steps: 7, Duration: 5.84s, Total Reward: -10.00
2025-09-24 23:16:21,465 - INFO - Not enough trajectories for training: 30/50
2025-09-24 23:16:27,180 - INFO - Episode 31 completed! Steps: 1, Duration: 4.71s, Total Reward: -10.00
2025-09-24 23:16:27,180 - INFO - Not enough trajectories for training: 31/50
2025-09-24 23:16:34,050 - INFO - Episode 32 completed! Steps: 7, Duration: 5.87s, Total Reward: -10.00
2025-09-24 23:16:34,050 - INFO - Not enough trajectories for training: 32/50
2025-09-24 23:16:44,117 - INFO - Episode 33 completed! Steps: 7, Duration: 9.07s, Total Reward: -10.00
2025-09-24 23:16:44,117 - INFO - Not enough trajectories for training: 33/50
2025-09-24 23:16:49,857 - INFO - Episode 34 completed! Steps: 1, Duration: 4.74s, Total Reward: -10.00
2025-09-24 23:16:49,857 - INFO - Not enough trajectories for training: 34/50
2025-09-24 23:16:55,593 - INFO - Episode 35 completed! Steps: 1, Duration: 4.74s, Total Reward: -10.00
2025-09-24 23:16:55,594 - INFO - Not enough trajectories for training: 35/50
2025-09-24 23:17:02,562 - INFO - Episode 36 completed! Steps: 8, Duration: 5.97s, Total Reward: -10.00
2025-09-24 23:17:02,562 - INFO - Not enough trajectories for training: 36/50
2025-09-24 23:17:09,216 - INFO - Episode 37 completed! Steps: 5, Duration: 5.65s, Total Reward: -10.00
2025-09-24 23:17:09,216 - INFO - Not enough trajectories for training: 37/50
2025-09-24 23:17:17,680 - INFO - Episode 38 completed! Steps: 6, Duration: 7.46s, Total Reward: -10.00
2025-09-24 23:17:17,680 - INFO - Not enough trajectories for training: 38/50
2025-09-24 23:17:23,399 - INFO - Episode 39 completed! Steps: 1, Duration: 4.72s, Total Reward: -10.00
2025-09-24 23:17:23,399 - INFO - Not enough trajectories for training: 39/50
2025-09-24 23:17:29,119 - INFO - Episode 40 completed! Steps: 1, Duration: 4.72s, Total Reward: -10.00
2025-09-24 23:17:29,119 - INFO - Not enough trajectories for training: 40/50
2025-09-24 23:17:34,839 - INFO - Episode 41 completed! Steps: 1, Duration: 4.72s, Total Reward: -10.00
2025-09-24 23:17:34,840 - INFO - Not enough trajectories for training: 41/50
2025-09-24 23:17:41,593 - INFO - Episode 42 completed! Steps: 6, Duration: 5.75s, Total Reward: -10.00
2025-09-24 23:17:41,593 - INFO - Not enough trajectories for training: 42/50
2025-09-24 23:17:47,333 - INFO - Episode 43 completed! Steps: 1, Duration: 4.74s, Total Reward: -10.00
2025-09-24 23:17:47,334 - INFO - Not enough trajectories for training: 43/50
2025-09-24 23:17:54,730 - INFO - Episode 44 completed! Steps: 2, Duration: 6.40s, Total Reward: -10.00
2025-09-24 23:17:54,730 - INFO - Not enough trajectories for training: 44/50
2025-09-24 23:18:00,551 - INFO - Episode 45 completed! Steps: 2, Duration: 4.82s, Total Reward: -10.00
2025-09-24 23:18:00,551 - INFO - Not enough trajectories for training: 45/50
2025-09-24 23:18:06,373 - INFO - Episode 46 completed! Steps: 2, Duration: 4.82s, Total Reward: -10.00
2025-09-24 23:18:06,374 - INFO - Not enough trajectories for training: 46/50
2025-09-24 23:18:12,208 - INFO - Episode 47 completed! Steps: 2, Duration: 4.83s, Total Reward: -10.00
2025-09-24 23:18:12,208 - INFO - Not enough trajectories for training: 47/50
2025-09-24 23:18:17,942 - INFO - Episode 48 completed! Steps: 1, Duration: 4.73s, Total Reward: -10.00
2025-09-24 23:18:17,942 - INFO - Not enough trajectories for training: 48/50
2025-09-24 23:18:25,264 - INFO - Episode 49 completed! Steps: 1, Duration: 6.32s, Total Reward: -10.00
2025-09-24 23:18:25,264 - INFO - Not enough trajectories for training: 49/50
2025-09-24 23:18:32,616 - INFO - Episode 50 completed! Steps: 7, Duration: 6.35s, Total Reward: -10.00
2025-09-24 23:18:32,616 - INFO - Training with 50 trajectories, 214 total steps
2025-09-24 23:18:32,904 - INFO - Training completed. Policy Loss: 0.0087, Value Loss: 81.6438
2025-09-24 23:18:32,908 - INFO - New best model saved! Duration: 6.35s
2025-09-24 23:18:32,944 - INFO - Game screenshot saved to: runs/20250924_231248/images/best_model_screenshot_v2_at_train_round_0_epoch_49.png
2025-09-24 23:18:38,672 - INFO - Episode 51 completed! Steps: 1, Duration: 4.73s, Total Reward: -10.00
2025-09-24 23:18:38,672 - INFO - Training with 51 trajectories, 215 total steps
2025-09-24 23:18:38,721 - INFO - Training completed. Policy Loss: -0.0128, Value Loss: 78.1479
2025-09-24 23:18:44,442 - INFO - Episode 52 completed! Steps: 1, Duration: 4.72s, Total Reward: -10.00
2025-09-24 23:18:44,442 - INFO - Training with 52 trajectories, 216 total steps
2025-09-24 23:18:44,490 - INFO - Training completed. Policy Loss: -0.0380, Value Loss: 74.5954
2025-09-24 23:18:50,945 - INFO - Episode 53 completed! Steps: 4, Duration: 5.45s, Total Reward: -10.00
2025-09-24 23:18:50,945 - INFO - Training with 53 trajectories, 220 total steps
2025-09-24 23:18:50,988 - INFO - Training completed. Policy Loss: -0.0614, Value Loss: 66.0334
2025-09-24 23:18:56,700 - INFO - Episode 54 completed! Steps: 1, Duration: 4.71s, Total Reward: -10.00
2025-09-24 23:18:56,700 - INFO - Training with 54 trajectories, 221 total steps
2025-09-24 23:18:56,749 - INFO - Training completed. Policy Loss: -0.1024, Value Loss: 60.7214
2025-09-24 23:19:04,094 - INFO - Episode 55 completed! Steps: 1, Duration: 4.72s, Total Reward: -10.00
2025-09-24 23:19:04,094 - INFO - Training with 55 trajectories, 222 total steps
2025-09-24 23:19:04,148 - INFO - Training completed. Policy Loss: -0.1871, Value Loss: 50.8542
2025-09-24 23:19:12,232 - INFO - Episode 56 completed! Steps: 9, Duration: 7.08s, Total Reward: -10.00
2025-09-24 23:19:12,232 - INFO - Training with 56 trajectories, 231 total steps
2025-09-24 23:19:12,290 - INFO - Training completed. Policy Loss: -0.1739, Value Loss: 39.3275
2025-09-24 23:19:12,292 - INFO - New best model saved! Duration: 7.08s
2025-09-24 23:19:12,318 - INFO - Game screenshot saved to: runs/20250924_231248/images/best_model_screenshot_v2_at_train_round_0_epoch_55.png
2025-09-24 23:19:19,353 - INFO - Episode 57 completed! Steps: 4, Duration: 6.03s, Total Reward: -10.00
2025-09-24 23:19:19,353 - INFO - Training with 57 trajectories, 235 total steps
2025-09-24 23:19:19,402 - INFO - Training completed. Policy Loss: -0.1934, Value Loss: 24.7027
2025-09-24 23:19:27,459 - INFO - Episode 58 completed! Steps: 14, Duration: 7.06s, Total Reward: -10.00
2025-09-24 23:19:27,459 - INFO - Training with 58 trajectories, 249 total steps
2025-09-24 23:19:27,505 - INFO - Training completed. Policy Loss: -0.2492, Value Loss: 12.2356
2025-09-24 23:19:40,243 - INFO - Episode 59 completed! Steps: 20, Duration: 11.74s, Total Reward: -10.00
2025-09-24 23:19:40,244 - INFO - Training with 59 trajectories, 269 total steps
2025-09-24 23:19:40,287 - INFO - Training completed. Policy Loss: -0.0916, Value Loss: 7.6738
2025-09-24 23:19:40,289 - INFO - New best model saved! Duration: 11.74s
2025-09-24 23:19:40,313 - INFO - Game screenshot saved to: runs/20250924_231248/images/best_model_screenshot_v2_at_train_round_0_epoch_58.png
2025-09-24 23:19:46,015 - INFO - Episode 60 completed! Steps: 6, Duration: 4.70s, Total Reward: -10.00
2025-09-24 23:19:46,015 - INFO - Training with 60 trajectories, 275 total steps
2025-09-24 23:19:46,060 - INFO - Training completed. Policy Loss: -0.1321, Value Loss: 9.7453
2025-09-24 23:19:52,535 - INFO - Episode 61 completed! Steps: 8, Duration: 5.47s, Total Reward: -10.00
2025-09-24 23:19:52,535 - INFO - Training with 61 trajectories, 283 total steps
2025-09-24 23:19:52,589 - INFO - Training completed. Policy Loss: -0.2351, Value Loss: 16.3629
2025-09-24 23:19:58,389 - INFO - Episode 62 completed! Steps: 2, Duration: 4.80s, Total Reward: -10.00
2025-09-24 23:19:58,389 - INFO - Training with 62 trajectories, 285 total steps
2025-09-24 23:19:58,434 - INFO - Training completed. Policy Loss: -0.1663, Value Loss: 19.7353
2025-09-24 23:20:29,528 - INFO - Episode 63 completed! Steps: 103, Duration: 30.09s, Total Reward: -10.00
2025-09-24 23:20:29,528 - INFO - Training with 63 trajectories, 388 total steps
2025-09-24 23:20:29,577 - INFO - Training completed. Policy Loss: -0.2705, Value Loss: 68.8156
2025-09-24 23:20:29,579 - INFO - New best model saved! Duration: 30.09s
2025-09-24 23:20:29,609 - INFO - Game screenshot saved to: runs/20250924_231248/images/best_model_screenshot_v2_at_train_round_0_epoch_62.png
2025-09-24 23:20:41,101 - INFO - Episode 64 completed! Steps: 22, Duration: 10.49s, Total Reward: -10.00
2025-09-24 23:20:41,101 - INFO - Training with 64 trajectories, 410 total steps
2025-09-24 23:20:41,146 - INFO - Training completed. Policy Loss: -0.3062, Value Loss: 67.0273
2025-09-24 23:21:04,614 - INFO - Episode 65 completed! Steps: 90, Duration: 22.47s, Total Reward: -10.00
2025-09-24 23:21:04,614 - INFO - Training with 65 trajectories, 500 total steps
2025-09-24 23:21:04,666 - INFO - Training completed. Policy Loss: -0.3238, Value Loss: 80.3780
2025-09-24 23:21:25,651 - INFO - Episode 66 completed! Steps: 65, Duration: 19.98s, Total Reward: -10.00
2025-09-24 23:21:25,651 - INFO - Training with 66 trajectories, 565 total steps
2025-09-24 23:21:25,691 - INFO - Training completed. Policy Loss: -0.2947, Value Loss: 70.8233
2025-09-24 23:21:55,330 - INFO - Episode 67 completed! Steps: 120, Duration: 28.64s, Total Reward: -10.00
2025-09-24 23:21:55,330 - INFO - Training with 67 trajectories, 685 total steps
2025-09-24 23:21:55,380 - INFO - Training completed. Policy Loss: -0.3774, Value Loss: 63.5511
2025-09-24 23:22:16,860 - INFO - Episode 68 completed! Steps: 86, Duration: 20.48s, Total Reward: -10.00
2025-09-24 23:22:16,860 - INFO - Training with 68 trajectories, 771 total steps
2025-09-24 23:22:16,915 - INFO - Training completed. Policy Loss: -0.4167, Value Loss: 49.0037
2025-09-24 23:22:37,877 - INFO - Episode 69 completed! Steps: 64, Duration: 19.96s, Total Reward: -10.00
2025-09-24 23:22:37,878 - INFO - Training with 69 trajectories, 835 total steps
2025-09-24 23:22:37,929 - INFO - Training completed. Policy Loss: -0.4658, Value Loss: 37.0851
2025-09-24 23:23:00,467 - INFO - Episode 70 completed! Steps: 70, Duration: 21.54s, Total Reward: -10.00
2025-09-24 23:23:00,467 - INFO - Training with 70 trajectories, 905 total steps
2025-09-24 23:23:00,521 - INFO - Training completed. Policy Loss: -0.6148, Value Loss: 27.0187
2025-09-24 23:24:13,395 - INFO - Episode 71 completed! Steps: 352, Duration: 71.87s, Total Reward: -10.00
2025-09-24 23:24:13,396 - INFO - Training with 71 trajectories, 1257 total steps
2025-09-24 23:24:13,442 - INFO - Training completed. Policy Loss: -0.3383, Value Loss: 24.2862
2025-09-24 23:24:13,444 - INFO - New best model saved! Duration: 71.87s
2025-09-24 23:24:13,462 - INFO - Game screenshot saved to: runs/20250924_231248/images/best_model_screenshot_v2_at_train_round_0_epoch_70.png
2025-09-24 23:24:58,626 - INFO - Episode 72 completed! Steps: 195, Duration: 44.16s, Total Reward: -10.00
2025-09-24 23:24:58,627 - INFO - Training with 72 trajectories, 1452 total steps
2025-09-24 23:24:58,679 - INFO - Training completed. Policy Loss: -0.2817, Value Loss: 17.9083
2025-09-24 23:26:36,514 - INFO - Episode 73 completed! Steps: 469, Duration: 96.83s, Total Reward: -10.00
2025-09-24 23:26:36,515 - INFO - Training with 73 trajectories, 1921 total steps
2025-09-24 23:26:36,569 - INFO - Training completed. Policy Loss: -0.2878, Value Loss: 14.0088
2025-09-24 23:26:36,571 - INFO - New best model saved! Duration: 96.83s
2025-09-24 23:26:36,600 - INFO - Game screenshot saved to: runs/20250924_231248/images/best_model_screenshot_v2_at_train_round_0_epoch_72.png
2025-09-24 23:27:31,353 - INFO - Episode 74 completed! Steps: 247, Duration: 53.75s, Total Reward: -10.00
2025-09-24 23:27:31,353 - INFO - Training with 74 trajectories, 2168 total steps
2025-09-24 23:27:31,407 - INFO - Training completed. Policy Loss: -0.3070, Value Loss: 9.6450
2025-09-24 23:29:17,925 - INFO - Episode 75 completed! Steps: 523, Duration: 105.52s, Total Reward: -10.00
2025-09-24 23:29:17,926 - INFO - Training with 75 trajectories, 2691 total steps
2025-09-24 23:29:17,978 - INFO - Training completed. Policy Loss: -0.2987, Value Loss: 7.4854
2025-09-24 23:29:17,980 - INFO - New best model saved! Duration: 105.52s
2025-09-24 23:29:18,012 - INFO - Game screenshot saved to: runs/20250924_231248/images/best_model_screenshot_v2_at_train_round_0_epoch_74.png
2025-09-24 23:31:55,930 - INFO - Episode 76 completed! Steps: 765, Duration: 156.92s, Total Reward: -10.00
2025-09-24 23:31:55,930 - INFO - Training with 76 trajectories, 3456 total steps
2025-09-24 23:31:56,000 - INFO - Training completed. Policy Loss: -0.1682, Value Loss: 4.9959
2025-09-24 23:31:56,003 - INFO - New best model saved! Duration: 156.92s
2025-09-24 23:31:56,029 - INFO - Game screenshot saved to: runs/20250924_231248/images/best_model_screenshot_v2_at_train_round_0_epoch_75.png
2025-09-24 23:33:26,767 - INFO - Episode 77 completed! Steps: 448, Duration: 89.74s, Total Reward: -10.00
2025-09-24 23:33:26,767 - INFO - Training with 77 trajectories, 3904 total steps
2025-09-24 23:33:26,827 - INFO - Training completed. Policy Loss: -0.3012, Value Loss: 3.9250
2025-09-24 23:34:35,120 - INFO - Episode 78 completed! Steps: 325, Duration: 67.29s, Total Reward: -10.00
2025-09-24 23:34:35,120 - INFO - Training with 78 trajectories, 4229 total steps
2025-09-24 23:34:35,178 - INFO - Training completed. Policy Loss: -0.1581, Value Loss: 3.5790
2025-09-24 23:36:11,133 - INFO - Episode 79 completed! Steps: 496, Duration: 94.95s, Total Reward: -10.00
2025-09-24 23:36:11,133 - INFO - Training with 79 trajectories, 4725 total steps
2025-09-24 23:36:11,197 - INFO - Training completed. Policy Loss: -0.3142, Value Loss: 3.0734
2025-09-24 23:37:44,625 - INFO - Episode 80 completed! Steps: 471, Duration: 92.43s, Total Reward: -10.00
2025-09-24 23:37:44,625 - INFO - Training with 80 trajectories, 5196 total steps
2025-09-24 23:37:44,691 - INFO - Training completed. Policy Loss: -0.2946, Value Loss: 3.1752
2025-09-24 23:39:31,546 - INFO - Episode 81 completed! Steps: 521, Duration: 105.85s, Total Reward: -10.00
2025-09-24 23:39:31,546 - INFO - Training with 81 trajectories, 5717 total steps
2025-09-24 23:39:31,624 - INFO - Training completed. Policy Loss: -0.1352, Value Loss: 2.8507
2025-09-24 23:40:40,382 - INFO - Episode 82 completed! Steps: 245, Duration: 67.76s, Total Reward: -10.00
2025-09-24 23:40:40,382 - INFO - Training with 82 trajectories, 5962 total steps
2025-09-24 23:40:40,456 - INFO - Training completed. Policy Loss: -0.2370, Value Loss: 3.1905
2025-09-24 23:41:46,809 - INFO - Episode 83 completed! Steps: 316, Duration: 65.35s, Total Reward: -10.00
2025-09-24 23:41:46,809 - INFO - Training with 83 trajectories, 6278 total steps
2025-09-24 23:41:46,888 - INFO - Training completed. Policy Loss: -0.2660, Value Loss: 2.9928
2025-09-24 23:43:50,257 - INFO - Episode 84 completed! Steps: 635, Duration: 122.37s, Total Reward: -10.00
2025-09-24 23:43:50,258 - INFO - Training with 84 trajectories, 6913 total steps
2025-09-24 23:43:50,352 - INFO - Training completed. Policy Loss: -0.3217, Value Loss: 3.0261
2025-09-24 23:47:01,251 - INFO - Episode 85 completed! Steps: 2035, Duration: 189.90s, Total Reward: -10.00
2025-09-24 23:47:01,252 - INFO - Training with 85 trajectories, 8948 total steps
2025-09-24 23:47:01,332 - INFO - Training completed. Policy Loss: -0.1932, Value Loss: 2.3444
2025-09-24 23:47:01,334 - INFO - New best model saved! Duration: 189.90s
2025-09-24 23:47:01,369 - INFO - Game screenshot saved to: runs/20250924_231248/images/best_model_screenshot_v2_at_train_round_0_epoch_84.png
2025-09-24 23:49:01,602 - INFO - Episode 86 completed! Steps: 602, Duration: 119.23s, Total Reward: -10.00
2025-09-24 23:49:01,602 - INFO - Training with 86 trajectories, 9550 total steps
2025-09-24 23:49:01,684 - INFO - Training completed. Policy Loss: -0.2414, Value Loss: 2.3115
2025-09-24 23:51:02,439 - INFO - Episode 87 completed! Steps: 578, Duration: 119.75s, Total Reward: -10.00
2025-09-24 23:51:02,439 - INFO - Training with 87 trajectories, 10128 total steps
2025-09-24 23:51:02,518 - INFO - Training completed. Policy Loss: -0.2829, Value Loss: 2.3113
2025-09-24 23:57:30,920 - INFO - Episode 88 completed! Steps: 5228, Duration: 387.40s, Total Reward: -10.00
2025-09-24 23:57:30,920 - INFO - Training with 88 trajectories, 15356 total steps
2025-09-24 23:57:31,032 - INFO - Training completed. Policy Loss: -0.1827, Value Loss: 1.2522
2025-09-24 23:57:31,036 - INFO - New best model saved! Duration: 387.40s
2025-09-24 23:57:31,066 - INFO - Game screenshot saved to: runs/20250924_231248/images/best_model_screenshot_v2_at_train_round_0_epoch_87.png
2025-09-24 23:58:42,974 - INFO - Episode 89 completed! Steps: 349, Duration: 70.91s, Total Reward: -10.00
2025-09-24 23:58:42,975 - INFO - Training with 89 trajectories, 15705 total steps
2025-09-24 23:58:43,037 - INFO - Training completed. Policy Loss: -0.0180, Value Loss: 1.1239
2025-09-24 23:59:09,220 - INFO - Episode 90 completed! Steps: 280, Duration: 25.18s, Total Reward: -10.00
2025-09-24 23:59:09,220 - INFO - Training with 90 trajectories, 15985 total steps
2025-09-24 23:59:09,316 - INFO - Training completed. Policy Loss: -0.0665, Value Loss: 1.0913
2025-09-24 23:59:17,276 - INFO - Episode 91 completed! Steps: 13, Duration: 6.96s, Total Reward: -10.00
2025-09-24 23:59:17,276 - INFO - Training with 91 trajectories, 15998 total steps
2025-09-24 23:59:17,378 - INFO - Training completed. Policy Loss: -0.0729, Value Loss: 1.1326
2025-09-25 00:01:06,277 - INFO - Episode 92 completed! Steps: 534, Duration: 107.90s, Total Reward: -10.00
2025-09-25 00:01:06,277 - INFO - Training with 92 trajectories, 16532 total steps
2025-09-25 00:01:06,371 - INFO - Training completed. Policy Loss: -0.0533, Value Loss: 1.1645
2025-09-25 00:03:46,601 - INFO - Episode 93 completed! Steps: 1665, Duration: 159.23s, Total Reward: -10.00
2025-09-25 00:03:46,602 - INFO - Training with 93 trajectories, 18197 total steps
2025-09-25 00:03:46,675 - INFO - Training completed. Policy Loss: -0.0991, Value Loss: 0.9691
2025-09-25 00:06:23,048 - INFO - Episode 94 completed! Steps: 989, Duration: 155.37s, Total Reward: -10.00
2025-09-25 00:06:23,048 - INFO - Training with 94 trajectories, 19186 total steps
2025-09-25 00:06:23,116 - INFO - Training completed. Policy Loss: -0.0227, Value Loss: 0.8584
2025-09-25 00:06:35,617 - INFO - Episode 95 completed! Steps: 25, Duration: 11.50s, Total Reward: -10.00
2025-09-25 00:06:35,617 - INFO - Training with 95 trajectories, 19211 total steps
2025-09-25 00:06:35,679 - INFO - Training completed. Policy Loss: -0.0713, Value Loss: 0.7898
